Resolving dependencies...
Downloading packages...
  archive 3.6.1 (4.0.9 available)
  audio_session 0.1.25 (0.2.4 available)
  flutter_lints 4.0.0 (6.0.0 available)
  flutter_riverpod 2.6.1 (3.3.2 available)
  flutter_secure_storage 9.2.4 (10.3.1 available)
  flutter_secure_storage_linux 1.2.3 (3.0.1 available)
  flutter_secure_storage_macos 3.1.3 (4.0.0 available)
  flutter_secure_storage_platform_interface 1.1.2 (2.0.1 available)
  flutter_secure_storage_web 1.2.1 (2.1.1 available)
  flutter_secure_storage_windows 3.1.2 (4.2.2 available)
  intl 0.20.2 (0.20.3 available)
  js 0.6.7 (0.7.2 available)
  lints 4.0.0 (6.1.0 available)
  matcher 0.12.19 (0.12.20 available)
  meta 1.18.0 (1.19.0 available)
  package_config 2.2.0 (3.0.0 available)
  riverpod 2.6.1 (3.3.2 available)
  test_api 0.7.11 (0.7.13 available)
  vector_math 2.2.0 (2.4.0 available)
  win32 5.15.0 (6.3.0 available)
Got dependencies!
20 packages have newer versions incompatible with dependency constraints.
Try `flutter pub outdated` for more information.
00:00 +0: loading D:/outputs/SENSEI/test/user_journey_test.dart
00:00 +0: new learner: onboarding ΓåÆ every screen, no crashes
ΓòÉΓòÉΓòí EXCEPTION CAUGHT BY FLUTTER TEST FRAMEWORK Γò₧ΓòÉΓòÉΓòÉΓòÉΓòÉΓòÉΓòÉΓòÉΓòÉΓòÉΓòÉΓòÉΓòÉΓòÉΓòÉΓòÉΓòÉΓòÉΓòÉΓòÉΓòÉΓòÉΓòÉΓòÉΓòÉΓòÉΓòÉΓòÉΓòÉΓòÉΓòÉΓòÉΓòÉΓòÉΓòÉΓòÉΓòÉΓòÉΓòÉΓòÉΓòÉΓòÉΓòÉΓòÉΓòÉΓòÉΓòÉΓòÉΓòÉΓòÉΓòÉΓòÉ
The following assertion was thrown running a test:
The finder "Found 2 widgets with text "English": [
  Text("English", inherit: true, color: Color(alpha: 1.0000, red: 0.9608, green: 0.9608, blue:
0.9412, colorSpace: ColorSpace.sRGB), size: 17.0, weight: 800, dependencies: [DefaultSelectionStyle,
DefaultTextStyle, MediaQuery]),
  Text("English", inherit: true, color: Color(alpha: 1.0000, red: 0.5608, green: 0.5608, blue:
0.5412, colorSpace: ColorSpace.sRGB), family: Archivo, size: 11.0, dependencies:
[DefaultSelectionStyle, DefaultTextStyle, MediaQuery]),
]" (used in a call to "tap()") ambiguously found multiple matching widgets. The "tap()" method needs
a single target.

When the exception was thrown, this was the stack:
#0      WidgetController._getElementPoint (package:flutter_test/src/controller.dart:2100:7)
#1      WidgetController.getCenter (package:flutter_test/src/controller.dart:1947:12)
#2      WidgetController.tap (package:flutter_test/src/controller.dart:1080:7)
#3      main.<anonymous closure> (file:///D:/outputs/SENSEI/test/user_journey_test.dart:46:18)
<asynchronous suspension>
#4      testWidgets.<anonymous closure>.<anonymous closure> (package:flutter_test/src/widget_tester.dart:192:15)
<asynchronous suspension>
#5      TestWidgetsFlutterBinding._runTestBody (package:flutter_test/src/binding.dart:1952:5)
<asynchronous suspension>
<asynchronous suspension>
(elided one frame from package:stack_trace)

The test description was:
  new learner: onboarding ΓåÆ every screen, no crashes
ΓòÉΓòÉΓòÉΓòÉΓòÉΓòÉΓòÉΓòÉΓòÉΓòÉΓòÉΓòÉΓòÉΓòÉΓòÉΓòÉΓòÉΓòÉΓòÉΓòÉΓòÉΓòÉΓòÉΓòÉΓòÉΓòÉΓòÉΓòÉΓòÉΓòÉΓòÉΓòÉΓòÉΓòÉΓòÉΓòÉΓòÉΓòÉΓòÉΓòÉΓòÉΓòÉΓòÉΓòÉΓòÉΓòÉΓòÉΓòÉΓòÉΓòÉΓòÉΓòÉΓòÉΓòÉΓòÉΓòÉΓòÉΓòÉΓòÉΓòÉΓòÉΓòÉΓòÉΓòÉΓòÉΓòÉΓòÉΓòÉΓòÉΓòÉΓòÉΓòÉΓòÉΓòÉΓòÉΓòÉΓòÉΓòÉΓòÉΓòÉΓòÉΓòÉΓòÉΓòÉΓòÉΓòÉΓòÉΓòÉΓòÉΓòÉΓòÉΓòÉΓòÉΓòÉΓòÉΓòÉΓòÉΓòÉΓòÉΓòÉ
00:00 +0 -1: new learner: onboarding ΓåÆ every screen, no crashes [E]
  Test failed. See exception logs above.
  The test description was: new learner: onboarding ΓåÆ every screen, no crashes
  
00:00 +0 -1: Some tests failed.

Failing tests:
  D:/outputs/SENSEI/test/user_journey_test.dart: new learner: onboarding ΓåÆ every screen, no crashes
